
> kallpaq@1.0.0 build
> vite build

[36mvite v5.4.21 [32mbuilding for production...[36m[39m
transforming...
node.exe : DEPRECATION 
WARNING [legacy-js-api]: The 
legacy JS API is deprecated 
and will be removed in Dart 
Sass 2.0.0.
En línea: 1 Carácter: 1
+ & "C:\Program 
Files\nodejs/node.exe" 
"C:\Program 
Files\nodejs/node_mo ...
+ ~~~~~~~~~~~~~~~~~~~~~~~~~~~
~~~~~~~~~~~~~~~~~~~~~~~~~~~~~
~~~~~~~~~~~~~
    + CategoryInfo           
   : NotSpecified: (DEPRECA  
  TION WAR...art Sass 2.0.   
 0.:String) [], RemoteExc    
eption
    + FullyQualifiedErrorId  
   : NativeCommandError
 

More info: https://sass-lang.
com/d/legacy-js-api

DEPRECATION WARNING 
[import]: Sass @import rules 
are deprecated and will be 
removed in Dart Sass 3.0.0.

More info and automated 
migrator: https://sass-lang.c
om/d/import

  ÔòÀ
5 Ôöé @import 'variables';
  Ôöé         ^^^^^^^^^^^
  ÔòÁ
    resources\sass\app.scss 
5:9  root stylesheet

DEPRECATION WARNING 
[import]: Sass @import rules 
are deprecated and will be 
removed in Dart Sass 3.0.0.

More info and automated 
migrator: https://sass-lang.c
om/d/import

  ÔòÀ
8 Ôöé @import 
'bootstrap/scss/bootstrap';
  Ôöé         
^^^^^^^^^^^^^^^^^^^^^^^^^^
  ÔòÁ
    resources\sass\app.scss 
8:9  root stylesheet

[32mÔ£ô[39m 213 modules transformed.
[31mx[39m Build failed in 
9.98s
[31merror during build:
[31m[vite]: Rollup failed 
to resolve import "jspdf" 
from "D:/Kallpaq/resources/js
/components/acciones/PlanAcci
onImprimir.vue".
This is most likely 
unintended because it can 
break your application at 
runtime.
If you do want to 
externalize this module 
explicitly add it to
`build.rollupOptions.external
`[31m
    at viteWarn (file:///D:/K
allpaq/node_modules/vite/dist
/node/chunks/dep-BK3b2jBa.js:
65855:17)
    at onRollupWarning (file:
///D:/Kallpaq/node_modules/vi
te/dist/node/chunks/dep-BK3b2
jBa.js:65887:5)
    at onwarn (file:///D:/Kal
lpaq/node_modules/vite/dist/n
ode/chunks/dep-BK3b2jBa.js:65
550:7)
    at file:///D:/Kallpaq/nod
e_modules/rollup/dist/es/shar
ed/node-entry.js:20961:13
    at Object.logger [as 
onLog] (file:///D:/Kallpaq/no
de_modules/rollup/dist/es/sha
red/node-entry.js:22834:9)
    at ModuleLoader.handleInv
alidResolvedId (file:///D:/Ka
llpaq/node_modules/rollup/dis
t/es/shared/node-entry.js:215
78:26)
    at file:///D:/Kallpaq/nod
e_modules/rollup/dist/es/shar
ed/node-entry.js:21536:26[39
m
